"use strict";(self.webpackChunksamzong_me=self.webpackChunksamzong_me||[]).push([[20899],{3905:(e,n,t)=>{t.d(n,{Zo:()=>p,kt:()=>m});var a=t(67294);function o(e,n,t){return n in e?Object.defineProperty(e,n,{value:t,enumerable:!0,configurable:!0,writable:!0}):e[n]=t,e}function r(e,n){var t=Object.keys(e);if(Object.getOwnPropertySymbols){var a=Object.getOwnPropertySymbols(e);n&&(a=a.filter((function(n){return Object.getOwnPropertyDescriptor(e,n).enumerable}))),t.push.apply(t,a)}return t}function l(e){for(var n=1;n<arguments.length;n++){var t=null!=arguments[n]?arguments[n]:{};n%2?r(Object(t),!0).forEach((function(n){o(e,n,t[n])})):Object.getOwnPropertyDescriptors?Object.defineProperties(e,Object.getOwnPropertyDescriptors(t)):r(Object(t)).forEach((function(n){Object.defineProperty(e,n,Object.getOwnPropertyDescriptor(t,n))}))}return e}function i(e,n){if(null==e)return{};var t,a,o=function(e,n){if(null==e)return{};var t,a,o={},r=Object.keys(e);for(a=0;a<r.length;a++)t=r[a],n.indexOf(t)>=0||(o[t]=e[t]);return o}(e,n);if(Object.getOwnPropertySymbols){var r=Object.getOwnPropertySymbols(e);for(a=0;a<r.length;a++)t=r[a],n.indexOf(t)>=0||Object.prototype.propertyIsEnumerable.call(e,t)&&(o[t]=e[t])}return o}var s=a.createContext({}),d=function(e){var n=a.useContext(s),t=n;return e&&(t="function"==typeof e?e(n):l(l({},n),e)),t},p=function(e){var n=d(e.components);return a.createElement(s.Provider,{value:n},e.children)},c="mdxType",u={inlineCode:"code",wrapper:function(e){var n=e.children;return a.createElement(a.Fragment,{},n)}},v=a.forwardRef((function(e,n){var t=e.components,o=e.mdxType,r=e.originalType,s=e.parentName,p=i(e,["components","mdxType","originalType","parentName"]),c=d(t),v=o,m=c["".concat(s,".").concat(v)]||c[v]||u[v]||r;return t?a.createElement(m,l(l({ref:n},p),{},{components:t})):a.createElement(m,l({ref:n},p))}));function m(e,n){var t=arguments,o=n&&n.mdxType;if("string"==typeof e||o){var r=t.length,l=new Array(r);l[0]=v;var i={};for(var s in n)hasOwnProperty.call(n,s)&&(i[s]=n[s]);i.originalType=e,i[c]="string"==typeof e?e:o,l[1]=i;for(var d=2;d<r;d++)l[d]=t[d];return a.createElement.apply(null,l)}return a.createElement.apply(null,t)}v.displayName="MDXCreateElement"},2866:(e,n,t)=>{t.r(n),t.d(n,{assets:()=>s,contentTitle:()=>l,default:()=>u,frontMatter:()=>r,metadata:()=>i,toc:()=>d});var a=t(87462),o=(t(67294),t(3905));const r={title:"CentOS \u589e\u52a0\u65b0\u786c\u76d8\u7ed9\u6839\u6587\u4ef6\u7cfb\u7edf\u6269\u5bb9",tags:["LVM"],date:new Date("2017-04-18T17:48:57.000Z")},l=void 0,i={permalink:"/2017/04/18/centos-zeng-jia-xin-ying-pan-gei-gen-wen-jian-xi-tong-kuo-rong",editUrl:"https://github.com/samzong/samzong.me/edit/main/blog/2017-04-18-centos-zeng-jia-xin-ying-pan-gei-gen-wen-jian-xi-tong-kuo-rong.md",source:"@site/blog/2017-04-18-centos-zeng-jia-xin-ying-pan-gei-gen-wen-jian-xi-tong-kuo-rong.md",title:"CentOS \u589e\u52a0\u65b0\u786c\u76d8\u7ed9\u6839\u6587\u4ef6\u7cfb\u7edf\u6269\u5bb9",description:"\u7531\u4e8e\u521a\u5f00\u59cb\u505a\u78c1\u76d8\u7a7a\u95f4\u89c4\u5212\u65f6\uff0c\u5931\u8bef\u7ed9\u6839\u5206\u533a\u5206\u914d\u78c1\u76d8\u8f83\u5c0f\uff0c\u5bfc\u81f4\u540e\u7eed\u5b9e\u9a8c\u73af\u5883\u65e0\u6cd5\u8fdb\u884c\uff0c\u6240\u4ee5\u5728\u7ecf\u8fc7\u7814\u7a76\u540e\uff0c\u51b3\u5b9a\u5c1d\u8bd5\u589e\u52a0\u6839\u5206\u533a\u7684\u78c1\u76d8\u7a7a\u95f4\uff0c\u6ce8\u610f\u8fd9\u4ec5\u9002\u7528\u4e8e\u521b\u5efa\u5728 LVM \u4e0a\u7684\u6587\u4ef6\u7cfb\u7edf\u3002",date:"2017-04-18T17:48:57.000Z",formattedDate:"2017\u5e744\u670818\u65e5",tags:[{label:"LVM",permalink:"/tags/lvm"}],readingTime:3.1033333333333335,hasTruncateMarker:!1,authors:[],frontMatter:{title:"CentOS \u589e\u52a0\u65b0\u786c\u76d8\u7ed9\u6839\u6587\u4ef6\u7cfb\u7edf\u6269\u5bb9",tags:["LVM"],date:"2017-04-18T17:48:57.000Z"},prevItem:{title:"Wannacry \u8815\u866b\u75c5\u6bd2\u4e8b\u4ef6\u53ca\u4fee\u590d\u65b9\u6848",permalink:"/2017/05/15/wannacry-ru-chong-bing-du-shi-jian-ji-xiu-fu-fang-an"},nextItem:{title:"HowTo Install GitLab",permalink:"/2017/04/13/HowTo-Install-GitLab"}},s={authorsImageUrls:[]},d=[{value:"\u5b9e\u9a8c\u73af\u5883",id:"\u5b9e\u9a8c\u73af\u5883",level:2},{value:"\u589e\u52a0\u4e00\u5757\u7269\u7406\u78c1\u76d8",id:"\u589e\u52a0\u4e00\u5757\u7269\u7406\u78c1\u76d8",level:2},{value:"\u683c\u5f0f\u5316\u78c1\u76d8\u5e76\u52a0\u5165\u5230 VGroup \u7ec4\u5185",id:"\u683c\u5f0f\u5316\u78c1\u76d8\u5e76\u52a0\u5165\u5230-vgroup-\u7ec4\u5185",level:2},{value:"\u67e5\u770b\u5f53\u524d<code>pvdisplay</code>\u78c1\u76d8\u5217\u8868\uff0c\u5c06<code>/dev/sdb</code>\u521b\u5efa pv \u5757",id:"\u67e5\u770b\u5f53\u524dpvdisplay\u78c1\u76d8\u5217\u8868\u5c06devsdb\u521b\u5efa-pv-\u5757",level:3},{value:"\u67e5\u770b\u5f53\u524d<code>vgdisplay</code>VGroup \u7ec4\uff0c\u5c06<code>/dev/sdb</code>\u52a0\u5165\u6839\u76ee\u5f55\u6240\u5728 VGroup",id:"\u67e5\u770b\u5f53\u524dvgdisplayvgroup-\u7ec4\u5c06devsdb\u52a0\u5165\u6839\u76ee\u5f55\u6240\u5728-vgroup",level:3},{value:"\u67e5\u770b<code>lvdisplay</code>\u6839\u5377\u7684\u540d\u79f0\uff0c\u5c06\u78c1\u76d8\u52a0\u5165\u6839\u5377\u7684 LV",id:"\u67e5\u770blvdisplay\u6839\u5377\u7684\u540d\u79f0\u5c06\u78c1\u76d8\u52a0\u5165\u6839\u5377\u7684-lv",level:3},{value:"\u66f4\u65b0\u78c1\u76d8\u5206\u533a\u8868",id:"\u66f4\u65b0\u78c1\u76d8\u5206\u533a\u8868",level:2},{value:"\u4f7f\u7528<code>resize2fs</code>\u5237\u65b0\u6839\u5377\u4fe1\u606f",id:"\u4f7f\u7528resize2fs\u5237\u65b0\u6839\u5377\u4fe1\u606f",level:3}],p={toc:d},c="wrapper";function u(e){let{components:n,...t}=e;return(0,o.kt)(c,(0,a.Z)({},p,t,{components:n,mdxType:"MDXLayout"}),(0,o.kt)("p",null,"\u7531\u4e8e\u521a\u5f00\u59cb\u505a\u78c1\u76d8\u7a7a\u95f4\u89c4\u5212\u65f6\uff0c\u5931\u8bef\u7ed9\u6839\u5206\u533a\u5206\u914d\u78c1\u76d8\u8f83\u5c0f\uff0c\u5bfc\u81f4\u540e\u7eed\u5b9e\u9a8c\u73af\u5883\u65e0\u6cd5\u8fdb\u884c\uff0c\u6240\u4ee5\u5728\u7ecf\u8fc7\u7814\u7a76\u540e\uff0c\u51b3\u5b9a\u5c1d\u8bd5\u589e\u52a0\u6839\u5206\u533a\u7684\u78c1\u76d8\u7a7a\u95f4\uff0c\u6ce8\u610f\u8fd9\u4ec5\u9002\u7528\u4e8e\u521b\u5efa\u5728 LVM \u4e0a\u7684\u6587\u4ef6\u7cfb\u7edf\u3002"),(0,o.kt)("h2",{id:"\u5b9e\u9a8c\u73af\u5883"},"\u5b9e\u9a8c\u73af\u5883"),(0,o.kt)("ul",null,(0,o.kt)("li",{parentName:"ul"},"Parallels Desktop 12"),(0,o.kt)("li",{parentName:"ul"},"CentOS 6.9"),(0,o.kt)("li",{parentName:"ul"},"\u6839\u5206\u533a\u7a7a\u95f4 6.5GB"),(0,o.kt)("li",{parentName:"ul"},"\u5df2\u4f7f\u7528 5.8GB"),(0,o.kt)("li",{parentName:"ul"},"\u9884\u8ba1 \u589e\u52a0 12G \u78c1\u76d8\u7a7a\u95f4")),(0,o.kt)("h2",{id:"\u589e\u52a0\u4e00\u5757\u7269\u7406\u78c1\u76d8"},"\u589e\u52a0\u4e00\u5757\u7269\u7406\u78c1\u76d8"),(0,o.kt)("p",null,"Parallels Desktop \u4e0d\u80fd\u5728\u7ebf\u589e\u52a0\u78c1\u76d8\uff0c\u6240\u4ee5\u8981\u5148\u5c06 VM \u5173\u95ed\uff0c\u7136\u540e\u6dfb\u52a0\uff1a\n",(0,o.kt)("img",{parentName:"p",src:"https://samzong.oss-cn-shenzhen.aliyuncs.com/blog/m5e1d.jpg",alt:"image"}),"\n\u589e\u52a0 12G \u7684\u78c1\u76d8\n",(0,o.kt)("img",{parentName:"p",src:"https://samzong.oss-cn-shenzhen.aliyuncs.com/blog/prgyd.jpg",alt:"image"})),(0,o.kt)("p",null,"\u7136\u540e\u542f\u52a8 VM\uff0c\u8fd9\u65f6\u53ef\u4ee5\u901a\u8fc7",(0,o.kt)("inlineCode",{parentName:"p"},"fdisk -l"),"\u67e5\u770b\u5f53\u524d\u5df2\u7ecf\u589e\u52a0\u4e86\u4e00\u5757 12G \u7684\u78c1\u76d8"),(0,o.kt)("p",null,(0,o.kt)("img",{parentName:"p",src:"https://samzong.oss-cn-shenzhen.aliyuncs.com/blog/tat9r.jpg",alt:"image"})),(0,o.kt)("h2",{id:"\u683c\u5f0f\u5316\u78c1\u76d8\u5e76\u52a0\u5165\u5230-vgroup-\u7ec4\u5185"},"\u683c\u5f0f\u5316\u78c1\u76d8\u5e76\u52a0\u5165\u5230 VGroup \u7ec4\u5185"),(0,o.kt)("h3",{id:"\u67e5\u770b\u5f53\u524dpvdisplay\u78c1\u76d8\u5217\u8868\u5c06devsdb\u521b\u5efa-pv-\u5757"},"\u67e5\u770b\u5f53\u524d",(0,o.kt)("inlineCode",{parentName:"h3"},"pvdisplay"),"\u78c1\u76d8\u5217\u8868\uff0c\u5c06",(0,o.kt)("inlineCode",{parentName:"h3"},"/dev/sdb"),"\u521b\u5efa pv \u5757"),(0,o.kt)("pre",null,(0,o.kt)("code",{parentName:"pre",className:"language-bash"},'[root@centos ~]# pvdisplay\n  --- Physical volume ---\n  PV Name               /dev/sda2\n  VG Name               vg_hadoop01\n  PV Size               7.51 GiB / not usable 3.00 MiB\n  Allocatable           yes (but full)\n  PE Size               4.00 MiB\n  Total PE              1922\n  Free PE               0\n  Allocated PE          1922\n  PV UUID               MUCrDa-eJpZ-EXwE-YwwM-S2Az-p2m7-K9q3Fo\n\n[root@centos ~]# pvcreate /dev/sdb\n  Physical volume "/dev/sdb" successfully created\n[root@centos ~]# pvdisplay\n  --- Physical volume ---\n  PV Name               /dev/sda2\n  VG Name               vg_hadoop01\n  PV Size               7.51 GiB / not usable 3.00 MiB\n  Allocatable           yes (but full)\n  PE Size               4.00 MiB\n  Total PE              1922\n  Free PE               0\n  Allocated PE          1922\n  PV UUID               MUCrDa-eJpZ-EXwE-YwwM-S2Az-p2m7-K9q3Fo\n\n  --- Physical volume ---\n  PV Name               /dev/sdb\n  VG Name               vg_hadoop01\n  PV Size               12.00 GiB / not usable 4.00 MiB\n  Allocatable           yes\n  PE Size               4.00 MiB\n  Total PE              3071\n  Free PE               3071\n  Allocated PE          0\n  PV UUID               XTpaBR-512W-vQIV-fwwz-So7L-ZCa3-yjDccQ\n')),(0,o.kt)("h3",{id:"\u67e5\u770b\u5f53\u524dvgdisplayvgroup-\u7ec4\u5c06devsdb\u52a0\u5165\u6839\u76ee\u5f55\u6240\u5728-vgroup"},"\u67e5\u770b\u5f53\u524d",(0,o.kt)("inlineCode",{parentName:"h3"},"vgdisplay"),"VGroup \u7ec4\uff0c\u5c06",(0,o.kt)("inlineCode",{parentName:"h3"},"/dev/sdb"),"\u52a0\u5165\u6839\u76ee\u5f55\u6240\u5728 VGroup"),(0,o.kt)("pre",null,(0,o.kt)("code",{parentName:"pre",className:"language-sh"},'[root@centos ~]# vgdisplay\n  --- Volume group ---\n  VG Name               vg_hadoop01\n  System ID\n  Format                lvm2\n  Metadata Areas        1\n  Metadata Sequence No  3\n  VG Access             read/write\n  VG Status             resizable\n  MAX LV                0\n  Cur LV                2\n  Open LV               2\n  Max PV                0\n  Cur PV                1\n  Act PV                1\n  VG Size               7.51 GiB\n  PE Size               4.00 MiB\n  Total PE              1922\n  Alloc PE / Size       1922 / 7.51 GiB\n  Free  PE / Size       0 / 0\n  VG UUID               szQ4fH-Sr1Z-V6c2-KVMp-ZUik-oUDP-rU8dQS\n\n[root@centos ~]# vgextend vg_hadoop01 /dev/sdb\n  Volume group "vg_hadoop01" successfully extended\n[root@centos ~]# vgdisplay\n  --- Volume group ---\n  VG Name               vg_hadoop01\n  System ID\n  Format                lvm2\n  Metadata Areas        2\n  Metadata Sequence No  4\n  VG Access             read/write\n  VG Status             resizable\n  MAX LV                0\n  Cur LV                2\n  Open LV               2\n  Max PV                0\n  Cur PV                2\n  Act PV                2\n  VG Size               19.50 GiB\n  PE Size               4.00 MiB\n  Total PE              4993\n  Alloc PE / Size       1922 / 7.51 GiB\n  Free  PE / Size       3071 / 12.00 GiB\n  VG UUID               szQ4fH-Sr1Z-V6c2-KVMp-ZUik-oUDP-rU8dQS\n')),(0,o.kt)("h3",{id:"\u67e5\u770blvdisplay\u6839\u5377\u7684\u540d\u79f0\u5c06\u78c1\u76d8\u52a0\u5165\u6839\u5377\u7684-lv"},"\u67e5\u770b",(0,o.kt)("inlineCode",{parentName:"h3"},"lvdisplay"),"\u6839\u5377\u7684\u540d\u79f0\uff0c\u5c06\u78c1\u76d8\u52a0\u5165\u6839\u5377\u7684 LV"),(0,o.kt)("pre",null,(0,o.kt)("code",{parentName:"pre",className:"language-bash"},"[root@centos ~]# lvdisplay\n  --- Logical volume ---\n  LV Path                /dev/vg_hadoop01/lv_root\n  LV Name                lv_root\n  VG Name                vg_hadoop01\n  LV UUID                tJDetu-Theq-BQ5g-3ZFe-Gan7-1SSv-OHeYrH\n  LV Write Access        read/write\n  LV Creation host, time hadoop01, 2017-04-18 07:09:58 +0800\n  LV Status              available\n  # open                 1\n  LV Size                6.71 GiB\n  Current LE             1718\n  Segments               1\n  Allocation             inherit\n  Read ahead sectors     auto\n  - currently set to     256\n  Block device           253:0\n\n  --- Logical volume ---\n  LV Path                /dev/vg_hadoop01/lv_swap\n  LV Name                lv_swap\n  VG Name                vg_hadoop01\n  LV UUID                D4K7I6-tPO0-HMbC-VWkR-2HV4-WjAe-M82wYq\n  LV Write Access        read/write\n  LV Creation host, time hadoop01, 2017-04-18 07:09:59 +0800\n  LV Status              available\n  # open                 1\n  LV Size                816.00 MiB\n  Current LE             204\n  Segments               1\n  Allocation             inherit\n  Read ahead sectors     auto\n  - currently set to     256\n  Block device           253:1\n\n[root@centos ~]# lvextend -l +100%FREE /dev/vg_hadoop01/lv_root\n  Size of logical volume vg_hadoop01/lv_root changed from 6.71 GiB (1718 extents) to 18.71 GiB (4789 extents).\n  Logical volume lv_root successfully resized.\n[root@centos ~]# lvdisplay\n  --- Logical volume ---\n  LV Path                /dev/vg_hadoop01/lv_root\n  LV Name                lv_root\n  VG Name                vg_hadoop01\n  LV UUID                tJDetu-Theq-BQ5g-3ZFe-Gan7-1SSv-OHeYrH\n  LV Write Access        read/write\n  LV Creation host, time hadoop01, 2017-04-18 07:09:58 +0800\n  LV Status              available\n  # open                 1\n  LV Size                18.71 GiB\n  Current LE             4789\n  Segments               2\n  Allocation             inherit\n  Read ahead sectors     auto\n  - currently set to     256\n  Block device           253:0\n\n  --- Logical volume ---\n  LV Path                /dev/vg_hadoop01/lv_swap\n  LV Name                lv_swap\n  VG Name                vg_hadoop01\n  LV UUID                D4K7I6-tPO0-HMbC-VWkR-2HV4-WjAe-M82wYq\n  LV Write Access        read/write\n  LV Creation host, time hadoop01, 2017-04-18 07:09:59 +0800\n  LV Status              available\n  # open                 1\n  LV Size                816.00 MiB\n  Current LE             204\n  Segments               1\n  Allocation             inherit\n  Read ahead sectors     auto\n  - currently set to     256\n  Block device           253:1\n")),(0,o.kt)("h2",{id:"\u66f4\u65b0\u78c1\u76d8\u5206\u533a\u8868"},"\u66f4\u65b0\u78c1\u76d8\u5206\u533a\u8868"),(0,o.kt)("p",null,"\u5f53\u4f60\u589e\u52a0\u5b8c\u6210\u4e4b\u540e\uff0c\u8fd9\u65f6\u4f7f\u7528",(0,o.kt)("inlineCode",{parentName:"p"},"df -h"),"\u67e5\u770b\u7684\u78c1\u76d8\u7a7a\u95f4\u4ecd\u7136\u6ca1\u6709\u53d8\u5316\uff0c\u56e0\u4e3a\u6211\u4eec\u8fd8\u9700\u8981\u5c06\u6839\u5377\u7684\u5206\u533a\u8868\u5237\u65b0\u3002"),(0,o.kt)("h3",{id:"\u4f7f\u7528resize2fs\u5237\u65b0\u6839\u5377\u4fe1\u606f"},"\u4f7f\u7528",(0,o.kt)("inlineCode",{parentName:"h3"},"resize2fs"),"\u5237\u65b0\u6839\u5377\u4fe1\u606f"),(0,o.kt)("pre",null,(0,o.kt)("code",{parentName:"pre",className:"language-bash"},"[root@centos ~]# resize2fs /dev/vg_hadoop01/lv_root\nresize2fs 1.41.12 (17-May-2010)\nFilesystem at /dev/vg_hadoop01/lv_root is mounted on /; on-line resizing required\nold desc_blocks = 1, new_desc_blocks = 2\nPerforming an on-line resize of /dev/vg_hadoop01/lv_root to 4903936 (4k) blocks.\nThe filesystem on /dev/vg_hadoop01/lv_root is now 4903936 blocks long.\n\n[root@centos ~]# df -h\nFilesystem            Size  Used Avail Use% Mounted on\n/dev/mapper/vg_hadoop01-lv_root\n                       19G  5.8G   12G  33% /\ntmpfs                 244M     0  244M   0% /dev/shm\n/dev/sda1             477M   52M  400M  12% /boot\n")))}u.isMDXComponent=!0}}]);